2026-08-29 15:28:57.677 [info] [main] Log level: Info
2026-08-29 15:28:57.677 [info] [main] Validating found git in: "git"
2026-08-29 15:28:57.677 [info] [main] Using git "2.25.1" from "git"
2026-08-29 15:28:57.677 [info] [Model][doInitialScan] Initial repository scan started
2026-08-29 15:28:57.677 [info] > git rev-parse --show-toplevel [5ms]
2026-08-29 15:28:57.677 [info] fatal: not a git repository (or any parent up to mount point /voc)
Stopping at filesystem boundary (GIT_DISCOVERY_ACROSS_FILESYSTEM not set).
2026-08-29 15:28:57.677 [info] > git rev-parse --show-toplevel [8ms]
2026-08-29 15:28:57.677 [info] fatal: not a git repository (or any parent up to mount point /voc)
Stopping at filesystem boundary (GIT_DISCOVERY_ACROSS_FILESYSTEM not set).
2026-08-29 15:28:57.677 [info] > git rev-parse --show-toplevel [7ms]
2026-08-29 15:28:57.677 [info] fatal: not a git repository (or any parent up to mount point /voc)
Stopping at filesystem boundary (GIT_DISCOVERY_ACROSS_FILESYSTEM not set).
2026-08-29 15:28:57.677 [info] > git rev-parse --show-toplevel [11ms]
2026-08-29 15:28:57.677 [info] fatal: not a git repository (or any parent up to mount point /voc)
Stopping at filesystem boundary (GIT_DISCOVERY_ACROSS_FILESYSTEM not set).
2026-08-29 15:28:57.677 [info] > git rev-parse --show-toplevel [9ms]
2026-08-29 15:28:57.677 [info] fatal: not a git repository (or any parent up to mount point /voc)
Stopping at filesystem boundary (GIT_DISCOVERY_ACROSS_FILESYSTEM not set).
2026-08-29 15:28:57.677 [info] > git rev-parse --show-toplevel [5ms]
2026-08-29 15:28:57.677 [info] fatal: not a git repository (or any parent up to mount point /voc)
Stopping at filesystem boundary (GIT_DISCOVERY_ACROSS_FILESYSTEM not set).
2026-08-29 15:28:57.677 [info] > git rev-parse --show-toplevel [4ms]
2026-08-29 15:28:57.677 [info] fatal: not a git repository (or any parent up to mount point /voc)
Stopping at filesystem boundary (GIT_DISCOVERY_ACROSS_FILESYSTEM not set).
2026-08-29 15:28:57.677 [info] > git rev-parse --show-toplevel [5ms]
2026-08-29 15:28:57.677 [info] fatal: not a git repository (or any parent up to mount point /voc)
Stopping at filesystem boundary (GIT_DISCOVERY_ACROSS_FILESYSTEM not set).
2026-08-29 15:28:57.677 [info] [Model][doInitialScan] Initial repository scan completed - repositories (0), closed repositories (0), parent repositories (0), unsafe repositories (0)
2026-08-29 15:28:58.431 [info] > git rev-parse --show-toplevel [602ms]
2026-08-29 15:28:58.431 [info] fatal: not a git repository (or any parent up to mount point /voc)
Stopping at filesystem boundary (GIT_DISCOVERY_ACROSS_FILESYSTEM not set).
2026-08-29 15:28:58.446 [info] > git rev-parse --show-toplevel [3ms]
2026-08-29 15:28:58.446 [info] fatal: not a git repository (or any parent up to mount point /voc)
Stopping at filesystem boundary (GIT_DISCOVERY_ACROSS_FILESYSTEM not set).
2026-08-29 15:29:00.542 [info] > git rev-parse --show-toplevel [3ms]
2026-08-29 15:29:00.542 [info] fatal: not a git repository (or any parent up to mount point /voc)
Stopping at filesystem boundary (GIT_DISCOVERY_ACROSS_FILESYSTEM not set).
2026-08-29 15:29:00.881 [info] > git rev-parse --show-toplevel [2ms]
2026-08-29 15:29:00.881 [info] fatal: not a git repository (or any parent up to mount point /voc)
Stopping at filesystem boundary (GIT_DISCOVERY_ACROSS_FILESYSTEM not set).
2026-08-29 15:29:03.209 [info] > git rev-parse --show-toplevel [3ms]
2026-08-29 15:29:03.209 [info] fatal: not a git repository (or any parent up to mount point /voc)
Stopping at filesystem boundary (GIT_DISCOVERY_ACROSS_FILESYSTEM not set).
2026-08-29 15:29:10.438 [info] > git rev-parse --show-toplevel [5ms]
2026-08-29 15:29:10.440 [info] fatal: not a git repository (or any parent up to mount point /voc)
Stopping at filesystem boundary (GIT_DISCOVERY_ACROSS_FILESYSTEM not set).
2026-08-29 15:29:13.382 [info] > git rev-parse --show-toplevel [3ms]
2026-08-29 15:29:13.382 [info] fatal: not a git repository (or any parent up to mount point /voc)
Stopping at filesystem boundary (GIT_DISCOVERY_ACROSS_FILESYSTEM not set).
2026-08-29 15:29:15.426 [info] > git rev-parse --show-toplevel [5ms]
2026-08-29 15:29:15.426 [info] fatal: not a git repository (or any parent up to mount point /voc)
Stopping at filesystem boundary (GIT_DISCOVERY_ACROSS_FILESYSTEM not set).
2026-08-29 15:29:16.725 [info] > git rev-parse --show-toplevel [31ms]
2026-08-29 15:29:16.725 [info] fatal: not a git repository (or any parent up to mount point /voc)
Stopping at filesystem boundary (GIT_DISCOVERY_ACROSS_FILESYSTEM not set).
2026-08-29 15:33:44.592 [info] > git rev-parse --show-toplevel [7ms]
2026-08-29 15:33:44.593 [info] fatal: not a git repository (or any parent up to mount point /voc)
Stopping at filesystem boundary (GIT_DISCOVERY_ACROSS_FILESYSTEM not set).
2026-08-29 15:58:15.698 [info] > git rev-parse --show-toplevel [6ms]
2026-08-29 15:58:15.700 [info] fatal: not a git repository (or any parent up to mount point /voc)
Stopping at filesystem boundary (GIT_DISCOVERY_ACROSS_FILESYSTEM not set).
2026-08-29 15:59:52.203 [info] > git rev-parse --show-toplevel [5ms]
2026-08-29 15:59:52.204 [info] fatal: not a git repository (or any parent up to mount point /voc)
Stopping at filesystem boundary (GIT_DISCOVERY_ACROSS_FILESYSTEM not set).
2026-08-29 16:00:02.810 [info] > git rev-parse --show-toplevel [3ms]
2026-08-29 16:00:02.811 [info] fatal: not a git repository (or any parent up to mount point /voc)
Stopping at filesystem boundary (GIT_DISCOVERY_ACROSS_FILESYSTEM not set).
2026-08-29 16:01:08.913 [info] > git rev-parse --show-toplevel [5ms]
2026-08-29 16:01:08.914 [info] fatal: not a git repository (or any parent up to mount point /voc)
Stopping at filesystem boundary (GIT_DISCOVERY_ACROSS_FILESYSTEM not set).
2026-08-29 16:02:28.754 [info] > git rev-parse --show-toplevel [5ms]
2026-08-29 16:02:28.756 [info] fatal: not a git repository (or any parent up to mount point /voc)
Stopping at filesystem boundary (GIT_DISCOVERY_ACROSS_FILESYSTEM not set).
2026-08-29 16:04:53.812 [info] > git rev-parse --show-toplevel [5ms]
2026-08-29 16:04:53.812 [info] fatal: not a git repository (or any parent up to mount point /voc)
Stopping at filesystem boundary (GIT_DISCOVERY_ACROSS_FILESYSTEM not set).
2026-08-29 16:05:05.936 [info] > git rev-parse --show-toplevel [3ms]
2026-08-29 16:05:05.936 [info] fatal: not a git repository (or any parent up to mount point /voc)
Stopping at filesystem boundary (GIT_DISCOVERY_ACROSS_FILESYSTEM not set).
2026-08-29 16:05:10.945 [info] > git rev-parse --show-toplevel [3ms]
2026-08-29 16:05:10.945 [info] fatal: not a git repository (or any parent up to mount point /voc)
Stopping at filesystem boundary (GIT_DISCOVERY_ACROSS_FILESYSTEM not set).
2026-08-29 16:05:17.447 [info] > git rev-parse --show-toplevel [3ms]
2026-08-29 16:05:17.447 [info] fatal: not a git repository (or any parent up to mount point /voc)
Stopping at filesystem boundary (GIT_DISCOVERY_ACROSS_FILESYSTEM not set).
