2026-09-20 10:24:37.433 [info] Telemetry level is off
2026-09-20 10:24:37.434 [info] Experiments are disabled, only manually opted experiments are active.
2026-09-20 10:24:37.434 [warning] Dir "/voc/work/.pixi/envs" is not watchable (directory does not exist)
2026-09-20 10:24:37.434 [info] Starting Environment refresh
2026-09-20 10:24:37.434 [info] Searching for interpreters in posix paths locator
2026-09-20 10:24:37.434 [info] Searching for pyenv environments
2026-09-20 10:24:37.434 [info] Searching for conda environments
2026-09-20 10:24:37.434 [info] Searching for global virtual environments
2026-09-20 10:24:37.434 [info] Searching for custom virtual environments
2026-09-20 10:24:37.434 [info] Skipping ActivatedEnv Detection:  process.env.VSCODE_CLI !== '1'
2026-09-20 10:24:37.434 [info] Skipping ActivatedEnv Detection:  process.env.VSCODE_CLI !== '1'
2026-09-20 10:24:37.434 [info] pyenv is not installed
2026-09-20 10:24:37.434 [info] Finished searching for pyenv environments: 12 milliseconds
2026-09-20 10:24:37.434 [info] Finished searching for custom virtual envs: 11 milliseconds
2026-09-20 10:24:37.434 [info] > conda info --json
2026-09-20 10:24:37.434 [info] > hatch env show --json
2026-09-20 10:24:37.434 [info] cwd: .
2026-09-20 10:24:37.434 [info] > pyenv which python
2026-09-20 10:24:37.434 [info] cwd: .
2026-09-20 10:24:37.434 [info] Finished searching for global virtual envs: 23 milliseconds
2026-09-20 10:24:37.434 [info] Found: /bin/python --> /bin/python3.10
2026-09-20 10:24:37.434 [info] Found: /bin/python3 --> /bin/python3.10
2026-09-20 10:24:37.438 [info] Found: /bin/python3.10 --> /bin/python3.10
2026-09-20 10:24:37.438 [info] Found: /bin/python3.8 --> /bin/python3.8
2026-09-20 10:24:37.442 [info] Found: /usr/bin/python --> /usr/bin/python3.10
2026-09-20 10:24:37.443 [info] Found: /usr/bin/python3 --> /usr/bin/python3.10
2026-09-20 10:24:37.443 [info] Found: /usr/bin/python3.10 --> /usr/bin/python3.10
2026-09-20 10:24:37.444 [info] Found: /usr/bin/python3.8 --> /usr/bin/python3.8
2026-09-20 10:24:37.460 [info] > /bin/python -I /usr/local/lib/code-server-4.103.2/lib/vscode/extensions/ms-python.python-2025.12.0/python_files/get_output_via_markers.py /usr/local/lib/code-server-4.103.2/lib/vscode/extensions/ms-python.python-2025.12.0/python_files/interpreterInfo.py
2026-09-20 10:24:37.466 [info] > /bin/python3.8 -I /usr/local/lib/code-server-4.103.2/lib/vscode/extensions/ms-python.python-2025.12.0/python_files/get_output_via_markers.py /usr/local/lib/code-server-4.103.2/lib/vscode/extensions/ms-python.python-2025.12.0/python_files/interpreterInfo.py
2026-09-20 10:24:37.472 [info] Finished searching for interpreters in posix paths locator: 82 milliseconds
2026-09-20 10:24:37.477 [info] Environments refresh paths discovered (event): 88 milliseconds
2026-09-20 10:24:37.477 [info] Environments refresh paths discovered: 88 milliseconds
2026-09-20 10:24:37.489 [info] > /usr/bin/python -I /usr/local/lib/code-server-4.103.2/lib/vscode/extensions/ms-python.python-2025.12.0/python_files/get_output_via_markers.py /usr/local/lib/code-server-4.103.2/lib/vscode/extensions/ms-python.python-2025.12.0/python_files/interpreterInfo.py
2026-09-20 10:24:37.492 [info] > /usr/bin/python3.8 -I /usr/local/lib/code-server-4.103.2/lib/vscode/extensions/ms-python.python-2025.12.0/python_files/get_output_via_markers.py /usr/local/lib/code-server-4.103.2/lib/vscode/extensions/ms-python.python-2025.12.0/python_files/interpreterInfo.py
2026-09-20 10:24:37.514 [info] Environments refresh finished (event): 125 milliseconds
2026-09-20 10:24:37.522 [info] Environment refresh took 132 milliseconds
2026-09-20 10:24:37.525 [info] Python interpreter path: /bin/python
2026-09-20 10:24:39.241 [info] Starting Jedi language server for work.
2026-09-20 10:27:18.805 [info] Discover tests for workspace name: work - uri: /voc/work/AI_Learning_IITM/week3/work/.local/share/code-server/User/settings.json
2026-09-20 10:27:23.076 [info] Discover tests for workspace name: work - uri: /voc/work/AI_Learning_IITM/week3/work/image/AI-RAG_W3_Lab_Guide_2Day/W3_package/pytest.ini
