2026-08-29 15:28:57.512 [info] Telemetry level is off
2026-08-29 15:28:57.512 [info] Experiments are disabled, only manually opted experiments are active.
2026-08-29 15:28:57.517 [warning] Dir "/voc/work/.pixi/envs" is not watchable (directory does not exist)
2026-08-29 15:28:57.517 [info] Starting Environment refresh
2026-08-29 15:28:57.517 [info] Searching for interpreters in posix paths locator
2026-08-29 15:28:57.517 [info] Searching for pyenv environments
2026-08-29 15:28:57.517 [info] Searching for conda environments
2026-08-29 15:28:57.517 [info] Searching for global virtual environments
2026-08-29 15:28:57.517 [info] Searching for custom virtual environments
2026-08-29 15:28:57.517 [info] Skipping ActivatedEnv Detection:  process.env.VSCODE_CLI !== '1'
2026-08-29 15:28:57.517 [info] Skipping ActivatedEnv Detection:  process.env.VSCODE_CLI !== '1'
2026-08-29 15:28:57.517 [info] Finished searching for custom virtual envs: 9 milliseconds
2026-08-29 15:28:57.517 [info] pyenv is not installed
2026-08-29 15:28:57.517 [info] Finished searching for pyenv environments: 10 milliseconds
2026-08-29 15:28:57.517 [info] > conda info --json
2026-08-29 15:28:57.517 [info] > hatch env show --json
2026-08-29 15:28:57.517 [info] cwd: .
2026-08-29 15:28:57.517 [info] > pyenv which python
2026-08-29 15:28:57.517 [info] cwd: .
2026-08-29 15:28:57.517 [info] Finished searching for global virtual envs: 25 milliseconds
2026-08-29 15:28:57.517 [info] Found: /bin/python --> /bin/python3.10
2026-08-29 15:28:57.517 [info] Found: /bin/python3 --> /bin/python3.10
2026-08-29 15:28:57.517 [info] Found: /bin/python3.10 --> /bin/python3.10
2026-08-29 15:28:57.517 [info] Found: /bin/python3.8 --> /bin/python3.8
2026-08-29 15:28:57.524 [info] Found: /usr/bin/python --> /usr/bin/python3.10
2026-08-29 15:28:57.524 [info] Found: /usr/bin/python3 --> /usr/bin/python3.10
2026-08-29 15:28:57.529 [info] Found: /usr/bin/python3.10 --> /usr/bin/python3.10
2026-08-29 15:28:57.529 [info] Found: /usr/bin/python3.8 --> /usr/bin/python3.8
2026-08-29 15:28:57.552 [info] > /bin/python -I /usr/local/lib/code-server-4.103.2/lib/vscode/extensions/ms-python.python-2025.12.0/python_files/get_output_via_markers.py /usr/local/lib/code-server-4.103.2/lib/vscode/extensions/ms-python.python-2025.12.0/python_files/interpreterInfo.py
2026-08-29 15:28:57.558 [info] > /bin/python3.8 -I /usr/local/lib/code-server-4.103.2/lib/vscode/extensions/ms-python.python-2025.12.0/python_files/get_output_via_markers.py /usr/local/lib/code-server-4.103.2/lib/vscode/extensions/ms-python.python-2025.12.0/python_files/interpreterInfo.py
2026-08-29 15:28:57.562 [info] Finished searching for interpreters in posix paths locator: 94 milliseconds
2026-08-29 15:28:57.566 [info] Environments refresh paths discovered (event): 99 milliseconds
2026-08-29 15:28:57.567 [info] Environments refresh paths discovered: 100 milliseconds
2026-08-29 15:28:57.578 [info] > /usr/bin/python -I /usr/local/lib/code-server-4.103.2/lib/vscode/extensions/ms-python.python-2025.12.0/python_files/get_output_via_markers.py /usr/local/lib/code-server-4.103.2/lib/vscode/extensions/ms-python.python-2025.12.0/python_files/interpreterInfo.py
2026-08-29 15:28:57.584 [info] > /usr/bin/python3.8 -I /usr/local/lib/code-server-4.103.2/lib/vscode/extensions/ms-python.python-2025.12.0/python_files/get_output_via_markers.py /usr/local/lib/code-server-4.103.2/lib/vscode/extensions/ms-python.python-2025.12.0/python_files/interpreterInfo.py
2026-08-29 15:28:57.604 [info] Environments refresh finished (event): 137 milliseconds
2026-08-29 15:28:57.611 [info] Environment refresh took 143 milliseconds
2026-08-29 15:28:57.613 [info] Python interpreter path: /bin/python
2026-08-29 15:28:59.229 [info] Starting Jedi language server for work.
2026-08-29 15:29:00.847 [info] Discover tests for workspace name: work - uri: /voc/work/.local/share/code-server/User/settings.json
2026-08-29 15:29:10.428 [info] Running installed packages checker:  {
  id: '/bin/python',
  sysPrefix: '/usr',
  envType: 'Global',
  envName: '',
  envPath: '',
  path: '/bin/python',
  architecture: 3,
  sysVersion: '3.10.14 (main, Apr  6 2024, 18:45:05) [GCC 9.4.0]',
  version: {
    raw: '3.10.14',
    major: 3,
    minor: 10,
    patch: 14,
    build: [],
    prerelease: [ 'final', '0' ]
  },
  displayName: 'Python 3.10.14 64-bit',
  detailedDisplayName: 'Python 3.10.14 64-bit',
  type: undefined
} /usr/local/lib/code-server-4.103.2/lib/vscode/extensions/ms-python.python-2025.12.0/python_files/installed_check.py /voc/work/requirements.txt
2026-08-29 15:29:10.430 [info] > /bin/python /usr/local/lib/code-server-4.103.2/lib/vscode/extensions/ms-python.python-2025.12.0/python_files/installed_check.py ./requirements.txt
2026-08-29 15:48:36.430 [info] Send text to terminal: /bin/python /voc/work/W3_package/api/main.py
2026-08-29 15:58:24.388 [info] Discover tests for workspace name: work - uri: /voc/work/W3_Learning_Venu/main.py
2026-08-29 16:00:09.357 [info] Discover tests for workspace name: work - uri: /voc/work/W3_Learning_Venu/main.py
2026-08-29 16:00:13.630 [info] Discover tests for workspace name: work - uri: /voc/work/W3_Learning_Venu/main.py
2026-08-29 16:00:15.525 [info] Discover tests for workspace name: work - uri: /voc/work/W3_Learning_Venu/main.py
2026-08-29 16:00:18.189 [info] Discover tests for workspace name: work - uri: /voc/work/W3_Learning_Venu/main.py
2026-08-29 16:01:12.387 [info] Discover tests for workspace name: work - uri: /voc/work/W3_Learning_Venu/test.py
2026-08-29 16:02:25.669 [info] Discover tests for workspace name: work - uri: /voc/work/W3_Learning_Venu/test.py
2026-08-29 16:02:55.955 [info] Discover tests for workspace name: work - uri: /voc/work/W3_package/api/main.py
2026-08-29 16:02:59.867 [info] Discover tests for workspace name: work - uri: /voc/work/W3_package/api/main.py
2026-08-29 16:06:12.253 [info] Discover tests for workspace name: work - uri: /voc/work/W3_Learning_Venu/test.py
2026-08-29 16:06:26.068 [info] Discover tests for workspace name: work - uri: /voc/work/W3_Learning_Venu/test.py
