2026-09-05 11:04:30.775 [info] Telemetry level is off
2026-09-05 11:04:30.775 [info] Experiments are disabled, only manually opted experiments are active.
2026-09-05 11:04:30.775 [warning] Dir "/voc/work/.pixi/envs" is not watchable (directory does not exist)
2026-09-05 11:04:30.775 [info] Starting Environment refresh
2026-09-05 11:04:30.775 [info] Searching for interpreters in posix paths locator
2026-09-05 11:04:30.775 [info] Searching for pyenv environments
2026-09-05 11:04:30.775 [info] Searching for conda environments
2026-09-05 11:04:30.775 [info] Searching for global virtual environments
2026-09-05 11:04:30.775 [info] Searching for custom virtual environments
2026-09-05 11:04:30.775 [info] Skipping ActivatedEnv Detection:  process.env.VSCODE_CLI !== '1'
2026-09-05 11:04:30.775 [info] Skipping ActivatedEnv Detection:  process.env.VSCODE_CLI !== '1'
2026-09-05 11:04:30.775 [info] pyenv is not installed
2026-09-05 11:04:30.775 [info] Finished searching for pyenv environments: 10 milliseconds
2026-09-05 11:04:30.775 [info] Finished searching for custom virtual envs: 9 milliseconds
2026-09-05 11:04:30.775 [info] > conda info --json
2026-09-05 11:04:30.775 [info] > hatch env show --json
2026-09-05 11:04:30.775 [info] cwd: .
2026-09-05 11:04:30.775 [info] > pyenv which python
2026-09-05 11:04:30.775 [info] cwd: .
2026-09-05 11:04:30.775 [info] Finished searching for global virtual envs: 20 milliseconds
2026-09-05 11:04:30.775 [info] Found: /bin/python --> /bin/python3.10
2026-09-05 11:04:30.775 [info] Found: /bin/python3 --> /bin/python3.10
2026-09-05 11:04:30.775 [info] Found: /bin/python3.10 --> /bin/python3.10
2026-09-05 11:04:30.779 [info] Found: /bin/python3.8 --> /bin/python3.8
2026-09-05 11:04:30.794 [info] Found: /usr/bin/python --> /usr/bin/python3.10
2026-09-05 11:04:30.794 [info] Found: /usr/bin/python3 --> /usr/bin/python3.10
2026-09-05 11:04:30.796 [info] Found: /usr/bin/python3.10 --> /usr/bin/python3.10
2026-09-05 11:04:30.797 [info] Found: /usr/bin/python3.8 --> /usr/bin/python3.8
2026-09-05 11:04:30.815 [info] > /bin/python -I /usr/local/lib/code-server-4.103.2/lib/vscode/extensions/ms-python.python-2025.12.0/python_files/get_output_via_markers.py /usr/local/lib/code-server-4.103.2/lib/vscode/extensions/ms-python.python-2025.12.0/python_files/interpreterInfo.py
2026-09-05 11:04:30.822 [info] > /bin/python3.8 -I /usr/local/lib/code-server-4.103.2/lib/vscode/extensions/ms-python.python-2025.12.0/python_files/get_output_via_markers.py /usr/local/lib/code-server-4.103.2/lib/vscode/extensions/ms-python.python-2025.12.0/python_files/interpreterInfo.py
2026-09-05 11:04:30.826 [info] Finished searching for interpreters in posix paths locator: 97 milliseconds
2026-09-05 11:04:30.831 [info] Environments refresh paths discovered (event): 103 milliseconds
2026-09-05 11:04:30.831 [info] Environments refresh paths discovered: 103 milliseconds
2026-09-05 11:04:30.842 [info] > /usr/bin/python -I /usr/local/lib/code-server-4.103.2/lib/vscode/extensions/ms-python.python-2025.12.0/python_files/get_output_via_markers.py /usr/local/lib/code-server-4.103.2/lib/vscode/extensions/ms-python.python-2025.12.0/python_files/interpreterInfo.py
2026-09-05 11:04:30.847 [info] > /usr/bin/python3.8 -I /usr/local/lib/code-server-4.103.2/lib/vscode/extensions/ms-python.python-2025.12.0/python_files/get_output_via_markers.py /usr/local/lib/code-server-4.103.2/lib/vscode/extensions/ms-python.python-2025.12.0/python_files/interpreterInfo.py
2026-09-05 11:04:30.867 [info] Environments refresh finished (event): 139 milliseconds
2026-09-05 11:04:30.874 [info] Environment refresh took 147 milliseconds
2026-09-05 11:04:30.877 [info] Python interpreter path: /bin/python
2026-09-05 11:04:32.236 [info] Starting Jedi language server for work.
2026-09-05 11:47:31.930 [info] Send text to terminal: /bin/python /voc/work/W3_Learning_Venu/main.py
2026-09-05 13:29:58.980 [info] Running installed packages checker:  {
  id: '/bin/python',
  sysPrefix: '/usr',
  envType: 'Global',
  envName: '',
  envPath: '',
  path: '/bin/python',
  architecture: 3,
  sysVersion: '3.10.14 (main, Apr  6 2024, 18:45:05) [GCC 9.4.0]',
  version: {
    raw: '3.10.14',
    major: 3,
    minor: 10,
    patch: 14,
    build: [],
    prerelease: [ 'final', '0' ]
  },
  displayName: 'Python 3.10.14 64-bit',
  detailedDisplayName: 'Python 3.10.14 64-bit',
  type: undefined
} /usr/local/lib/code-server-4.103.2/lib/vscode/extensions/ms-python.python-2025.12.0/python_files/installed_check.py /voc/work/image/AI-RAG_W3_Lab_Guide_2Day/W3_package/requirements.txt
2026-09-05 13:29:58.980 [info] > /bin/python /usr/local/lib/code-server-4.103.2/lib/vscode/extensions/ms-python.python-2025.12.0/python_files/installed_check.py ./image/AI-RAG_W3_Lab_Guide_2Day/W3_package/requirements.txt
2026-09-05 13:29:59.582 [info] Running installed packages checker:  {
  id: '/bin/python',
  sysPrefix: '/usr',
  envType: 'Global',
  envName: '',
  envPath: '',
  path: '/bin/python',
  architecture: 3,
  sysVersion: '3.10.14 (main, Apr  6 2024, 18:45:05) [GCC 9.4.0]',
  version: {
    raw: '3.10.14',
    major: 3,
    minor: 10,
    patch: 14,
    build: [],
    prerelease: [ 'final', '0' ]
  },
  displayName: 'Python 3.10.14 64-bit',
  detailedDisplayName: 'Python 3.10.14 64-bit',
  type: undefined
} /usr/local/lib/code-server-4.103.2/lib/vscode/extensions/ms-python.python-2025.12.0/python_files/installed_check.py /voc/work/image/AI-RAG_W3_Lab_Guide_2Day/W3_package/requirements_w2.txt
2026-09-05 13:29:59.582 [info] > /bin/python /usr/local/lib/code-server-4.103.2/lib/vscode/extensions/ms-python.python-2025.12.0/python_files/installed_check.py ./image/AI-RAG_W3_Lab_Guide_2Day/W3_package/requirements_w2.txt
