2026-09-05 11:04:31.530 [info] [main] Log level: Info
2026-09-05 11:04:31.530 [info] [main] Validating found git in: "git"
2026-09-05 11:04:31.530 [info] [main] Using git "2.25.1" from "git"
2026-09-05 11:04:31.530 [info] [Model][doInitialScan] Initial repository scan started
2026-09-05 11:04:31.530 [info] > git rev-parse --show-toplevel [3ms]
2026-09-05 11:04:31.530 [info] fatal: not a git repository (or any parent up to mount point /voc)
Stopping at filesystem boundary (GIT_DISCOVERY_ACROSS_FILESYSTEM not set).
2026-09-05 11:04:31.530 [info] > git rev-parse --show-toplevel [5ms]
2026-09-05 11:04:31.530 [info] fatal: not a git repository (or any parent up to mount point /voc)
Stopping at filesystem boundary (GIT_DISCOVERY_ACROSS_FILESYSTEM not set).
2026-09-05 11:04:31.530 [info] > git rev-parse --show-toplevel [7ms]
2026-09-05 11:04:31.530 [info] fatal: not a git repository (or any parent up to mount point /voc)
Stopping at filesystem boundary (GIT_DISCOVERY_ACROSS_FILESYSTEM not set).
2026-09-05 11:04:31.530 [info] > git rev-parse --show-toplevel [3ms]
2026-09-05 11:04:31.530 [info] fatal: not a git repository (or any parent up to mount point /voc)
Stopping at filesystem boundary (GIT_DISCOVERY_ACROSS_FILESYSTEM not set).
2026-09-05 11:04:31.530 [info] > git rev-parse --show-toplevel [4ms]
2026-09-05 11:04:31.530 [info] fatal: not a git repository (or any parent up to mount point /voc)
Stopping at filesystem boundary (GIT_DISCOVERY_ACROSS_FILESYSTEM not set).
2026-09-05 11:04:31.530 [info] > git rev-parse --show-toplevel [7ms]
2026-09-05 11:04:31.530 [info] fatal: not a git repository (or any parent up to mount point /voc)
Stopping at filesystem boundary (GIT_DISCOVERY_ACROSS_FILESYSTEM not set).
2026-09-05 11:04:31.533 [info] > git rev-parse --show-toplevel [6ms]
2026-09-05 11:04:31.533 [info] fatal: not a git repository (or any parent up to mount point /voc)
Stopping at filesystem boundary (GIT_DISCOVERY_ACROSS_FILESYSTEM not set).
2026-09-05 11:04:31.533 [info] > git rev-parse --show-toplevel [3ms]
2026-09-05 11:04:31.533 [info] fatal: not a git repository (or any parent up to mount point /voc)
Stopping at filesystem boundary (GIT_DISCOVERY_ACROSS_FILESYSTEM not set).
2026-09-05 11:04:31.533 [info] > git rev-parse --show-toplevel [2ms]
2026-09-05 11:04:31.533 [info] fatal: not a git repository (or any parent up to mount point /voc)
Stopping at filesystem boundary (GIT_DISCOVERY_ACROSS_FILESYSTEM not set).
2026-09-05 11:04:31.533 [info] > git rev-parse --show-toplevel [3ms]
2026-09-05 11:04:31.533 [info] fatal: not a git repository (or any parent up to mount point /voc)
Stopping at filesystem boundary (GIT_DISCOVERY_ACROSS_FILESYSTEM not set).
2026-09-05 11:04:31.533 [info] > git rev-parse --show-toplevel [4ms]
2026-09-05 11:04:31.533 [info] fatal: not a git repository (or any parent up to mount point /voc)
Stopping at filesystem boundary (GIT_DISCOVERY_ACROSS_FILESYSTEM not set).
2026-09-05 11:04:31.533 [info] > git rev-parse --show-toplevel [2ms]
2026-09-05 11:04:31.533 [info] fatal: not a git repository (or any parent up to mount point /voc)
Stopping at filesystem boundary (GIT_DISCOVERY_ACROSS_FILESYSTEM not set).
2026-09-05 11:04:31.533 [info] [Model][doInitialScan] Initial repository scan completed - repositories (0), closed repositories (0), parent repositories (0), unsafe repositories (0)
2026-09-05 11:04:31.533 [info] > git rev-parse --show-toplevel [4ms]
2026-09-05 11:04:31.533 [info] fatal: not a git repository (or any parent up to mount point /voc)
Stopping at filesystem boundary (GIT_DISCOVERY_ACROSS_FILESYSTEM not set).
2026-09-05 11:04:31.559 [info] > git rev-parse --show-toplevel [2ms]
2026-09-05 11:04:31.559 [info] fatal: not a git repository (or any parent up to mount point /voc)
Stopping at filesystem boundary (GIT_DISCOVERY_ACROSS_FILESYSTEM not set).
2026-09-05 11:04:34.698 [info] > git rev-parse --show-toplevel [2ms]
2026-09-05 11:04:34.699 [info] fatal: not a git repository (or any parent up to mount point /voc)
Stopping at filesystem boundary (GIT_DISCOVERY_ACROSS_FILESYSTEM not set).
2026-09-05 11:05:31.597 [info] > git rev-parse --show-toplevel [2ms]
2026-09-05 11:05:31.598 [info] fatal: not a git repository (or any parent up to mount point /voc)
Stopping at filesystem boundary (GIT_DISCOVERY_ACROSS_FILESYSTEM not set).
2026-09-05 11:05:34.465 [info] > git rev-parse --show-toplevel [3ms]
2026-09-05 11:05:34.465 [info] fatal: not a git repository (or any parent up to mount point /voc)
Stopping at filesystem boundary (GIT_DISCOVERY_ACROSS_FILESYSTEM not set).
2026-09-05 13:29:58.988 [info] > git rev-parse --show-toplevel [5ms]
2026-09-05 13:29:58.989 [info] fatal: not a git repository (or any parent up to mount point /voc)
Stopping at filesystem boundary (GIT_DISCOVERY_ACROSS_FILESYSTEM not set).
2026-09-05 13:29:59.587 [info] > git rev-parse --show-toplevel [2ms]
2026-09-05 13:29:59.587 [info] fatal: not a git repository (or any parent up to mount point /voc)
Stopping at filesystem boundary (GIT_DISCOVERY_ACROSS_FILESYSTEM not set).
